GLOB sdist-make: /workdir/async_generator-1.10/setup.py
graalpylibtest-unit-test-tests create: /workdir/async_generator-1.10/.tox/graalpylibtest-unit-test-tests
graalpylibtest-unit-test-tests installdeps: mock, pytest, -rtest-requirements.txt, -rci/rtd-requirements.txt
graalpylibtest-unit-test-tests inst: /workdir/async_generator-1.10/.tox/.tmp/package/1/async_generator-1.10.zip
graalpylibtest-unit-test-tests installed: alabaster==0.7.13,async-generator @ file:///workdir/async_generator-1.10/.tox/.tmp/package/1/async_generator-1.10.zip,Babel==2.13.1,certifi==2023.11.17,charset-normalizer==3.1.0,coverage==7.3.2,docutils==0.18.1,exceptiongroup==1.1.3,graalpy-virtualenv==0.0.1,hpy==0.9.0rc2,idna==3.4,imagesize==1.4.1,iniconfig==2.0.0,Jinja2==3.1.2,MarkupSafe==2.1.3,mock==5.1.0,packaging==23.2,pluggy==1.3.0,Pygments==2.17.1,pytest==7.4.3,pytest-cov==4.1.0,requests==2.31.0,snowballstemmer==2.2.0,Sphinx==7.2.6,sphinx-rtd-theme==1.3.0,sphinxcontrib-applehelp==1.0.7,sphinxcontrib-devhelp==1.0.5,sphinxcontrib-htmlhelp==2.0.4,sphinxcontrib-jquery==4.1,sphinxcontrib-jsmath==1.0.1,sphinxcontrib-qthelp==1.0.6,sphinxcontrib-serializinghtml==1.1.9,sphinxcontrib-trio==1.1.2,tomli==2.0.1,urllib3==2.1.0
graalpylibtest-unit-test-tests run-test-pre: PYTHONHASHSEED='401740100'
graalpylibtest-unit-test-tests run-test: commands[0] | pytest -v --tb=native --junitxml /workdir/results/async_generator/1.10/1/graalpy-test-results.xml
============================= test session starts ==============================
platform linux -- Python 3.10.8, pytest-7.4.3, pluggy-1.3.0 -- /workdir/async_generator-1.10/.tox/graalpylibtest-unit-test-tests/bin/python
cachedir: .tox/graalpylibtest-unit-test-tests/.pytest_cache
rootdir: /workdir/async_generator-1.10
plugins: cov-4.1.0
collecting ... collected 43 items

async_generator/_tests/test_async_generator.py::test_async_generator PASSED [  2%]
async_generator/_tests/test_async_generator.py::test_yield_no_arg PASSED [  4%]
async_generator/_tests/test_async_generator.py::test_bad_return_value PASSED [  6%]
async_generator/_tests/test_async_generator.py::test_yield_different_entries PASSED [  9%]
async_generator/_tests/test_async_generator.py::test_reentrance_forbidden PASSED [ 11%]
async_generator/_tests/test_async_generator.py::test_reentrance_forbidden_simultaneous_asends PASSED [ 13%]
async_generator/_tests/test_async_generator.py::test_reentrance_forbidden_while_suspended_in_coroutine_runner PASSED [ 16%]
async_generator/_tests/test_async_generator.py::test_asend PASSED        [ 18%]
async_generator/_tests/test_async_generator.py::test_athrow PASSED       [ 20%]
async_generator/_tests/test_async_generator.py::test_aclose PASSED       [ 23%]
async_generator/_tests/test_async_generator.py::test_aclose_on_unstarted_generator FAILED [ 25%]
async_generator/_tests/test_async_generator.py::test_aclose_on_finished_generator PASSED [ 27%]
async_generator/_tests/test_async_generator.py::test_aclose_yielding PASSED [ 30%]
async_generator/_tests/test_async_generator.py::test_async_yield_from_ PASSED [ 32%]
async_generator/_tests/test_async_generator.py::test_async_yield_from_asend PASSED [ 34%]
async_generator/_tests/test_async_generator.py::test_async_yield_from_athrow PASSED [ 37%]
async_generator/_tests/test_async_generator.py::test_async_yield_from_return_value PASSED [ 39%]
async_generator/_tests/test_async_generator.py::test_yield_from_empty PASSED [ 41%]
async_generator/_tests/test_async_generator.py::test_yield_from_non_generator PASSED [ 44%]
async_generator/_tests/test_async_generator.py::test_yield_from_non_generator_with_no_aclose PASSED [ 46%]
async_generator/_tests/test_async_generator.py::test_yield_from_with_old_style_aiter PASSED [ 48%]
async_generator/_tests/test_async_generator.py::test_yield_from_athrow_raises_StopAsyncIteration PASSED [ 51%]
async_generator/_tests/test_async_generator.py::test___del__ PASSED      [ 53%]
async_generator/_tests/test_async_generator.py::test_isasyncgen PASSED   [ 55%]
async_generator/_tests/test_async_generator.py::test_isasyncgenfunction PASSED [ 58%]
async_generator/_tests/test_async_generator.py::test_isasyncgenfunction_is_not_inherited_by_wrappers PASSED [ 60%]
async_generator/_tests/test_async_generator.py::test_collections_abc_AsyncGenerator PASSED [ 62%]
async_generator/_tests/test_async_generator.py::test_ag_attributes PASSED [ 65%]
async_generator/_tests/test_async_generator.py::test_refcnt FAILED       [ 67%]
async_generator/_tests/test_async_generator.py::test_throw_StopIteration_or_StopAsyncIteration PASSED [ 69%]
async_generator/_tests/test_async_generator.py::test_no_spurious_unawaited_coroutine_warning PASSED [ 72%]
async_generator/_tests/test_async_generator.py::test_gc_hooks_interface FAILED [ 74%]
async_generator/_tests/test_async_generator.py::test_gc_hooks_behavior FAILED [ 76%]
async_generator/_tests/test_util.py::test_aclosing PASSED                [ 79%]
async_generator/_tests/test_util.py::test_contextmanager_do_not_unchain_non_stopiteration_exceptions PASSED [ 81%]
async_generator/_tests/test_util.py::test_native_contextmanager_do_not_unchain_non_stopiteration_exceptions PASSED [ 83%]
async_generator/_tests/test_util.py::test_asynccontextmanager_exception_passthrough PASSED [ 86%]
async_generator/_tests/test_util.py::test_asynccontextmanager_catches_exception PASSED [ 88%]
async_generator/_tests/test_util.py::test_asynccontextmanager_different_exception PASSED [ 90%]
async_generator/_tests/test_util.py::test_asynccontextmanager_nice_message_on_sync_enter PASSED [ 93%]
async_generator/_tests/test_util.py::test_asynccontextmanager_no_yield FAILED [ 95%]
async_generator/_tests/test_util.py::test_asynccontextmanager_too_many_yields PASSED [ 97%]
async_generator/_tests/test_util.py::test_asynccontextmanager_requires_asyncgenfunction PASSED [100%]

=================================== FAILURES ===================================
______________________ test_aclose_on_unstarted_generator ______________________
Traceback (most recent call last):
  File "/workdir/async_generator-1.10/.tox/graalpylibtest-unit-test-tests/lib/python3.10/site-packages/_pytest/runner.py", line 341, in from_call
    result: Optional[TResult] = func()
  File "/workdir/async_generator-1.10/.tox/graalpylibtest-unit-test-tests/lib/python3.10/site-packages/_pytest/runner.py", line 262, in <lambda>
    lambda: ihook(item=item, **kwds), when=when, reraise=reraise
  File "/workdir/async_generator-1.10/.tox/graalpylibtest-unit-test-tests/lib/python3.10/site-packages/pluggy/_hooks.py", line 493, in __call__
    return self._hookexec(self.name, self._hookimpls, kwargs, firstresult)
  File "/workdir/async_generator-1.10/.tox/graalpylibtest-unit-test-tests/lib/python3.10/site-packages/pluggy/_manager.py", line 115, in _hookexec
    return self._inner_hookexec(hook_name, methods, kwargs, firstresult)
  File "/workdir/async_generator-1.10/.tox/graalpylibtest-unit-test-tests/lib/python3.10/site-packages/pluggy/_callers.py", line 152, in _multicall
    return outcome.get_result()
  File "/workdir/async_generator-1.10/.tox/graalpylibtest-unit-test-tests/lib/python3.10/site-packages/pluggy/_result.py", line 114, in get_result
    raise exc.with_traceback(exc.__traceback__)
  File "/workdir/async_generator-1.10/.tox/graalpylibtest-unit-test-tests/lib/python3.10/site-packages/pluggy/_callers.py", line 77, in _multicall
    res = hook_impl.function(*args)
  File "/workdir/async_generator-1.10/.tox/graalpylibtest-unit-test-tests/lib/python3.10/site-packages/_pytest/runner.py", line 177, in pytest_runtest_call
    raise e
  File "/workdir/async_generator-1.10/.tox/graalpylibtest-unit-test-tests/lib/python3.10/site-packages/_pytest/runner.py", line 169, in pytest_runtest_call
    item.runtest()
  File "/workdir/async_generator-1.10/.tox/graalpylibtest-unit-test-tests/lib/python3.10/site-packages/_pytest/python.py", line 1792, in runtest
    self.ihook.pytest_pyfunc_call(pyfuncitem=self)
  File "/workdir/async_generator-1.10/.tox/graalpylibtest-unit-test-tests/lib/python3.10/site-packages/pluggy/_hooks.py", line 493, in __call__
    return self._hookexec(self.name, self._hookimpls, kwargs, firstresult)
  File "/workdir/async_generator-1.10/.tox/graalpylibtest-unit-test-tests/lib/python3.10/site-packages/pluggy/_manager.py", line 115, in _hookexec
    return self._inner_hookexec(hook_name, methods, kwargs, firstresult)
  File "/workdir/async_generator-1.10/.tox/graalpylibtest-unit-test-tests/lib/python3.10/site-packages/pluggy/_callers.py", line 113, in _multicall
    raise exception.with_traceback(exception.__traceback__)
  File "/workdir/async_generator-1.10/.tox/graalpylibtest-unit-test-tests/lib/python3.10/site-packages/pluggy/_callers.py", line 77, in _multicall
    res = hook_impl.function(*args)
  File "/workdir/async_generator-1.10/.tox/graalpylibtest-unit-test-tests/lib/python3.10/site-packages/_pytest/python.py", line 194, in pytest_pyfunc_call
    result = testfunction(**testargs)
  File "/workdir/async_generator-1.10/async_generator/_tests/conftest.py", line 28, in wrapper
    value = coro.send(None)
  File "/workdir/async_generator-1.10/async_generator/_tests/test_async_generator.py", line 313, in test_aclose_on_unstarted_generator
    async for obj in aiter:
  File "/workdir/async_generator-1.10/async_generator/_impl.py", line 337, in __anext__
    return self._do_it(self._it.__next__)
  File "/workdir/async_generator-1.10/async_generator/_impl.py", line 359, in _do_it
    raise StopAsyncIteration()
StopAsyncIteration
_________________________________ test_refcnt __________________________________
Traceback (most recent call last):
  File "/workdir/async_generator-1.10/.tox/graalpylibtest-unit-test-tests/lib/python3.10/site-packages/_pytest/runner.py", line 341, in from_call
    result: Optional[TResult] = func()
  File "/workdir/async_generator-1.10/.tox/graalpylibtest-unit-test-tests/lib/python3.10/site-packages/_pytest/runner.py", line 262, in <lambda>
    lambda: ihook(item=item, **kwds), when=when, reraise=reraise
  File "/workdir/async_generator-1.10/.tox/graalpylibtest-unit-test-tests/lib/python3.10/site-packages/pluggy/_hooks.py", line 493, in __call__
    return self._hookexec(self.name, self._hookimpls, kwargs, firstresult)
  File "/workdir/async_generator-1.10/.tox/graalpylibtest-unit-test-tests/lib/python3.10/site-packages/pluggy/_manager.py", line 115, in _hookexec
    return self._inner_hookexec(hook_name, methods, kwargs, firstresult)
  File "/workdir/async_generator-1.10/.tox/graalpylibtest-unit-test-tests/lib/python3.10/site-packages/pluggy/_callers.py", line 152, in _multicall
    return outcome.get_result()
  File "/workdir/async_generator-1.10/.tox/graalpylibtest-unit-test-tests/lib/python3.10/site-packages/pluggy/_result.py", line 114, in get_result
    raise exc.with_traceback(exc.__traceback__)
  File "/workdir/async_generator-1.10/.tox/graalpylibtest-unit-test-tests/lib/python3.10/site-packages/pluggy/_callers.py", line 77, in _multicall
    res = hook_impl.function(*args)
  File "/workdir/async_generator-1.10/.tox/graalpylibtest-unit-test-tests/lib/python3.10/site-packages/_pytest/runner.py", line 177, in pytest_runtest_call
    raise e
  File "/workdir/async_generator-1.10/.tox/graalpylibtest-unit-test-tests/lib/python3.10/site-packages/_pytest/runner.py", line 169, in pytest_runtest_call
    item.runtest()
  File "/workdir/async_generator-1.10/.tox/graalpylibtest-unit-test-tests/lib/python3.10/site-packages/_pytest/python.py", line 1792, in runtest
    self.ihook.pytest_pyfunc_call(pyfuncitem=self)
  File "/workdir/async_generator-1.10/.tox/graalpylibtest-unit-test-tests/lib/python3.10/site-packages/pluggy/_hooks.py", line 493, in __call__
    return self._hookexec(self.name, self._hookimpls, kwargs, firstresult)
  File "/workdir/async_generator-1.10/.tox/graalpylibtest-unit-test-tests/lib/python3.10/site-packages/pluggy/_manager.py", line 115, in _hookexec
    return self._inner_hookexec(hook_name, methods, kwargs, firstresult)
  File "/workdir/async_generator-1.10/.tox/graalpylibtest-unit-test-tests/lib/python3.10/site-packages/pluggy/_callers.py", line 113, in _multicall
    raise exception.with_traceback(exception.__traceback__)
  File "/workdir/async_generator-1.10/.tox/graalpylibtest-unit-test-tests/lib/python3.10/site-packages/pluggy/_callers.py", line 77, in _multicall
    res = hook_impl.function(*args)
  File "/workdir/async_generator-1.10/.tox/graalpylibtest-unit-test-tests/lib/python3.10/site-packages/_pytest/python.py", line 194, in pytest_pyfunc_call
    result = testfunction(**testargs)
  File "/workdir/async_generator-1.10/async_generator/_tests/test_async_generator.py", line 774, in test_refcnt
    assert sys.getrefcount(x) >= base_count + 100
AssertionError
----------------------------- Captured stdout call -----------------------------
-1
-1
-1
-1
-1
-1
-1
___________________________ test_gc_hooks_interface ____________________________
Traceback (most recent call last):
  File "/workdir/async_generator-1.10/.tox/graalpylibtest-unit-test-tests/lib/python3.10/site-packages/_pytest/runner.py", line 341, in from_call
    result: Optional[TResult] = func()
  File "/workdir/async_generator-1.10/.tox/graalpylibtest-unit-test-tests/lib/python3.10/site-packages/_pytest/runner.py", line 262, in <lambda>
    lambda: ihook(item=item, **kwds), when=when, reraise=reraise
  File "/workdir/async_generator-1.10/.tox/graalpylibtest-unit-test-tests/lib/python3.10/site-packages/pluggy/_hooks.py", line 493, in __call__
    return self._hookexec(self.name, self._hookimpls, kwargs, firstresult)
  File "/workdir/async_generator-1.10/.tox/graalpylibtest-unit-test-tests/lib/python3.10/site-packages/pluggy/_manager.py", line 115, in _hookexec
    return self._inner_hookexec(hook_name, methods, kwargs, firstresult)
  File "/workdir/async_generator-1.10/.tox/graalpylibtest-unit-test-tests/lib/python3.10/site-packages/pluggy/_callers.py", line 152, in _multicall
    return outcome.get_result()
  File "/workdir/async_generator-1.10/.tox/graalpylibtest-unit-test-tests/lib/python3.10/site-packages/pluggy/_result.py", line 114, in get_result
    raise exc.with_traceback(exc.__traceback__)
  File "/workdir/async_generator-1.10/.tox/graalpylibtest-unit-test-tests/lib/python3.10/site-packages/pluggy/_callers.py", line 77, in _multicall
    res = hook_impl.function(*args)
  File "/workdir/async_generator-1.10/.tox/graalpylibtest-unit-test-tests/lib/python3.10/site-packages/_pytest/runner.py", line 177, in pytest_runtest_call
    raise e
  File "/workdir/async_generator-1.10/.tox/graalpylibtest-unit-test-tests/lib/python3.10/site-packages/_pytest/runner.py", line 169, in pytest_runtest_call
    item.runtest()
  File "/workdir/async_generator-1.10/.tox/graalpylibtest-unit-test-tests/lib/python3.10/site-packages/_pytest/python.py", line 1792, in runtest
    self.ihook.pytest_pyfunc_call(pyfuncitem=self)
  File "/workdir/async_generator-1.10/.tox/graalpylibtest-unit-test-tests/lib/python3.10/site-packages/pluggy/_hooks.py", line 493, in __call__
    return self._hookexec(self.name, self._hookimpls, kwargs, firstresult)
  File "/workdir/async_generator-1.10/.tox/graalpylibtest-unit-test-tests/lib/python3.10/site-packages/pluggy/_manager.py", line 115, in _hookexec
    return self._inner_hookexec(hook_name, methods, kwargs, firstresult)
  File "/workdir/async_generator-1.10/.tox/graalpylibtest-unit-test-tests/lib/python3.10/site-packages/pluggy/_callers.py", line 113, in _multicall
    raise exception.with_traceback(exception.__traceback__)
  File "/workdir/async_generator-1.10/.tox/graalpylibtest-unit-test-tests/lib/python3.10/site-packages/pluggy/_callers.py", line 77, in _multicall
    res = hook_impl.function(*args)
  File "/workdir/async_generator-1.10/.tox/graalpylibtest-unit-test-tests/lib/python3.10/site-packages/_pytest/python.py", line 194, in pytest_pyfunc_call
    result = testfunction(**testargs)
  File "/workdir/async_generator-1.10/async_generator/_tests/test_async_generator.py", line 863, in test_gc_hooks_interface
    assert get_asyncgen_hooks() == (None, two)
AssertionError
____________________________ test_gc_hooks_behavior ____________________________
Traceback (most recent call last):
  File "/workdir/async_generator-1.10/.tox/graalpylibtest-unit-test-tests/lib/python3.10/site-packages/_pytest/runner.py", line 341, in from_call
    result: Optional[TResult] = func()
  File "/workdir/async_generator-1.10/.tox/graalpylibtest-unit-test-tests/lib/python3.10/site-packages/_pytest/runner.py", line 262, in <lambda>
    lambda: ihook(item=item, **kwds), when=when, reraise=reraise
  File "/workdir/async_generator-1.10/.tox/graalpylibtest-unit-test-tests/lib/python3.10/site-packages/pluggy/_hooks.py", line 493, in __call__
    return self._hookexec(self.name, self._hookimpls, kwargs, firstresult)
  File "/workdir/async_generator-1.10/.tox/graalpylibtest-unit-test-tests/lib/python3.10/site-packages/pluggy/_manager.py", line 115, in _hookexec
    return self._inner_hookexec(hook_name, methods, kwargs, firstresult)
  File "/workdir/async_generator-1.10/.tox/graalpylibtest-unit-test-tests/lib/python3.10/site-packages/pluggy/_callers.py", line 152, in _multicall
    return outcome.get_result()
  File "/workdir/async_generator-1.10/.tox/graalpylibtest-unit-test-tests/lib/python3.10/site-packages/pluggy/_result.py", line 114, in get_result
    raise exc.with_traceback(exc.__traceback__)
  File "/workdir/async_generator-1.10/.tox/graalpylibtest-unit-test-tests/lib/python3.10/site-packages/pluggy/_callers.py", line 77, in _multicall
    res = hook_impl.function(*args)
  File "/workdir/async_generator-1.10/.tox/graalpylibtest-unit-test-tests/lib/python3.10/site-packages/_pytest/runner.py", line 177, in pytest_runtest_call
    raise e
  File "/workdir/async_generator-1.10/.tox/graalpylibtest-unit-test-tests/lib/python3.10/site-packages/_pytest/runner.py", line 169, in pytest_runtest_call
    item.runtest()
  File "/workdir/async_generator-1.10/.tox/graalpylibtest-unit-test-tests/lib/python3.10/site-packages/_pytest/python.py", line 1792, in runtest
    self.ihook.pytest_pyfunc_call(pyfuncitem=self)
  File "/workdir/async_generator-1.10/.tox/graalpylibtest-unit-test-tests/lib/python3.10/site-packages/pluggy/_hooks.py", line 493, in __call__
    return self._hookexec(self.name, self._hookimpls, kwargs, firstresult)
  File "/workdir/async_generator-1.10/.tox/graalpylibtest-unit-test-tests/lib/python3.10/site-packages/pluggy/_manager.py", line 115, in _hookexec
    return self._inner_hookexec(hook_name, methods, kwargs, firstresult)
  File "/workdir/async_generator-1.10/.tox/graalpylibtest-unit-test-tests/lib/python3.10/site-packages/pluggy/_callers.py", line 113, in _multicall
    raise exception.with_traceback(exception.__traceback__)
  File "/workdir/async_generator-1.10/.tox/graalpylibtest-unit-test-tests/lib/python3.10/site-packages/pluggy/_callers.py", line 77, in _multicall
    res = hook_impl.function(*args)
  File "/workdir/async_generator-1.10/.tox/graalpylibtest-unit-test-tests/lib/python3.10/site-packages/_pytest/python.py", line 194, in pytest_pyfunc_call
    result = testfunction(**testargs)
  File "/workdir/async_generator-1.10/async_generator/_tests/conftest.py", line 28, in wrapper
    value = coro.send(None)
  File "/workdir/async_generator-1.10/async_generator/_tests/test_async_generator.py", line 975, in test_gc_hooks_behavior
    assert refA() is None
AssertionError
______________________ test_asynccontextmanager_no_yield _______________________
Traceback (most recent call last):
  File "/workdir/async_generator-1.10/async_generator/_tests/test_util.py", line 185, in test_asynccontextmanager_no_yield
    async with yeehaw():
  File "/workdir/async_generator-1.10/async_generator/_util.py", line 36, in __aenter__
    raise RuntimeError("async generator didn't yield") from None
RuntimeError: async generator didn't yield

During handling of the above exception, another exception occurred:

Traceback (most recent call last):
  File "/workdir/async_generator-1.10/.tox/graalpylibtest-unit-test-tests/lib/python3.10/site-packages/_pytest/runner.py", line 341, in from_call
    result: Optional[TResult] = func()
  File "/workdir/async_generator-1.10/.tox/graalpylibtest-unit-test-tests/lib/python3.10/site-packages/_pytest/runner.py", line 262, in <lambda>
    lambda: ihook(item=item, **kwds), when=when, reraise=reraise
  File "/workdir/async_generator-1.10/.tox/graalpylibtest-unit-test-tests/lib/python3.10/site-packages/pluggy/_hooks.py", line 493, in __call__
    return self._hookexec(self.name, self._hookimpls, kwargs, firstresult)
  File "/workdir/async_generator-1.10/.tox/graalpylibtest-unit-test-tests/lib/python3.10/site-packages/pluggy/_manager.py", line 115, in _hookexec
    return self._inner_hookexec(hook_name, methods, kwargs, firstresult)
  File "/workdir/async_generator-1.10/.tox/graalpylibtest-unit-test-tests/lib/python3.10/site-packages/pluggy/_callers.py", line 152, in _multicall
    return outcome.get_result()
  File "/workdir/async_generator-1.10/.tox/graalpylibtest-unit-test-tests/lib/python3.10/site-packages/pluggy/_result.py", line 114, in get_result
    raise exc.with_traceback(exc.__traceback__)
  File "/workdir/async_generator-1.10/.tox/graalpylibtest-unit-test-tests/lib/python3.10/site-packages/pluggy/_callers.py", line 77, in _multicall
    res = hook_impl.function(*args)
  File "/workdir/async_generator-1.10/.tox/graalpylibtest-unit-test-tests/lib/python3.10/site-packages/_pytest/runner.py", line 169, in pytest_runtest_call
    item.runtest()
  File "/workdir/async_generator-1.10/.tox/graalpylibtest-unit-test-tests/lib/python3.10/site-packages/_pytest/python.py", line 1792, in runtest
    self.ihook.pytest_pyfunc_call(pyfuncitem=self)
  File "/workdir/async_generator-1.10/.tox/graalpylibtest-unit-test-tests/lib/python3.10/site-packages/pluggy/_hooks.py", line 493, in __call__
    return self._hookexec(self.name, self._hookimpls, kwargs, firstresult)
  File "/workdir/async_generator-1.10/.tox/graalpylibtest-unit-test-tests/lib/python3.10/site-packages/pluggy/_manager.py", line 115, in _hookexec
    return self._inner_hookexec(hook_name, methods, kwargs, firstresult)
  File "/workdir/async_generator-1.10/.tox/graalpylibtest-unit-test-tests/lib/python3.10/site-packages/pluggy/_callers.py", line 113, in _multicall
    raise exception.with_traceback(exception.__traceback__)
  File "/workdir/async_generator-1.10/.tox/graalpylibtest-unit-test-tests/lib/python3.10/site-packages/pluggy/_callers.py", line 77, in _multicall
    res = hook_impl.function(*args)
  File "/workdir/async_generator-1.10/.tox/graalpylibtest-unit-test-tests/lib/python3.10/site-packages/_pytest/python.py", line 194, in pytest_pyfunc_call
    result = testfunction(**testargs)
  File "/workdir/async_generator-1.10/async_generator/_tests/conftest.py", line 28, in wrapper
    value = coro.send(None)
  File "/workdir/async_generator-1.10/async_generator/_tests/test_util.py", line 184, in test_asynccontextmanager_no_yield
    with pytest.raises(RuntimeError) as excinfo:
  File "/workdir/async_generator-1.10/.tox/graalpylibtest-unit-test-tests/lib/python3.10/site-packages/_pytest/python_api.py", line 987, in __exit__
    fail(self.message)
  File "/workdir/async_generator-1.10/.tox/graalpylibtest-unit-test-tests/lib/python3.10/site-packages/_pytest/outcomes.py", line 198, in fail
    raise Failed(msg=reason, pytrace=pytrace)
Failed: DID NOT RAISE <class 'RuntimeError'>
- generated xml file: /workdir/results/async_generator/1.10/1/graalpy-test-results.xml -
=========================== short test summary info ============================
FAILED async_generator/_tests/test_async_generator.py::test_aclose_on_unstarted_generator
FAILED async_generator/_tests/test_async_generator.py::test_refcnt - Assertio...
FAILED async_generator/_tests/test_async_generator.py::test_gc_hooks_interface
FAILED async_generator/_tests/test_async_generator.py::test_gc_hooks_behavior
FAILED async_generator/_tests/test_util.py::test_asynccontextmanager_no_yield
========================= 5 failed, 38 passed in 3.21s =========================
ERROR: InvocationError for command /workdir/async_generator-1.10/.tox/graalpylibtest-unit-test-tests/bin/pytest -v --tb=native --junitxml /workdir/results/async_generator/1.10/1/graalpy-test-results.xml (exited with code 1)
___________________________________ summary ____________________________________
ERROR:   graalpylibtest-unit-test-tests: commands failed
